// Jest Snapshot v1, https://goo.gl/fbAQLP

exports[`Test ThreeButtonTemplate render ThreeButtonTemplate 1`] = `
<View
  style={
    Object {
      "backgroundColor": "#FFFFFF",
      "borderColor": "#E8E8E8",
      "borderRadius": 10,
      "borderWidth": 1,
      "elevation": 3,
      "flexDirection": "row",
      "justifyContent": "space-around",
      "marginHorizontal": 20,
      "marginTop": 20,
      "paddingHorizontal": 8,
      "paddingVertical": 16,
      "shadowColor": "#000000",
      "shadowOffset": Object {
        "height": 2,
        "width": 0,
      },
      "shadowOpacity": 0.25,
      "shadowRadius": 3.84,
    }
  }
>
  <View
    accessible={true}
    focusable={true}
    onClick={[Function]}
    onResponderGrant={[Function]}
    onResponderMove={[Function]}
    onResponderRelease={[Function]}
    onResponderTerminate={[Function]}
    onResponderTerminationRequest={[Function]}
    onStartShouldSetResponder={[Function]}
    style={
      Object {
        "alignItems": "center",
        "aspectRatio": 1,
        "backgroundColor": "#FFFFFF",
        "borderColor": "#E8E8E8",
        "borderRadius": 10,
        "borderWidth": 1,
        "elevation": 3,
        "flex": 1,
        "justifyContent": "center",
        "marginHorizontal": 4,
        "opacity": 1,
        "shadowColor": "#303133",
        "shadowOffset": Object {
          "height": 2,
          "width": 0,
        },
        "shadowOpacity": 0.25,
        "shadowRadius": 3.84,
      }
    }
  >
    <View
      style={
        Object {
          "height": 28,
          "marginBottom": 7,
        }
      }
    >
      <Text
        style={
          Array [
            Object {
              "color": "#D9D9D9",
              "fontFamily": "antoutline",
              "fontSize": 30,
              "fontStyle": "normal",
              "fontWeight": "normal",
            },
            undefined,
          ]
        }
      >
        
      </Text>
    </View>
    <Text
      style={
        Array [
          Object {
            "color": "#000",
            "fontFamily": "SFProDisplay-Regular",
            "fontSize": undefined,
            "lineHeight": undefined,
            "textAlign": "left",
            "textDecorationLine": "none",
          },
          Object {
            "fontSize": 14,
            "lineHeight": 22,
          },
        ]
      }
    >
      UP
    </Text>
  </View>
  <View
    accessible={true}
    focusable={true}
    onClick={[Function]}
    onResponderGrant={[Function]}
    onResponderMove={[Function]}
    onResponderRelease={[Function]}
    onResponderTerminate={[Function]}
    onResponderTerminationRequest={[Function]}
    onStartShouldSetResponder={[Function]}
    style={
      Object {
        "alignItems": "center",
        "aspectRatio": 1,
        "backgroundColor": "#FFFFFF",
        "borderColor": "#E8E8E8",
        "borderRadius": 10,
        "borderWidth": 1,
        "elevation": 3,
        "flex": 1,
        "justifyContent": "center",
        "marginHorizontal": 4,
        "opacity": 1,
        "shadowColor": "#303133",
        "shadowOffset": Object {
          "height": 2,
          "width": 0,
        },
        "shadowOpacity": 0.25,
        "shadowRadius": 3.84,
      }
    }
  >
    <View
      style={
        Object {
          "height": 28,
          "marginBottom": 7,
        }
      }
    >
      <Text
        style={
          Array [
            Object {
              "color": "#D9D9D9",
              "fontFamily": "antoutline",
              "fontSize": 30,
              "fontStyle": "normal",
              "fontWeight": "normal",
            },
            undefined,
          ]
        }
      >
        
      </Text>
    </View>
    <Text
      style={
        Array [
          Object {
            "color": "#000",
            "fontFamily": "SFProDisplay-Regular",
            "fontSize": undefined,
            "lineHeight": undefined,
            "textAlign": "left",
            "textDecorationLine": "none",
          },
          Object {
            "fontSize": 14,
            "lineHeight": 22,
          },
        ]
      }
    >
      STOP/UNLOCK
    </Text>
  </View>
  <View
    accessible={true}
    focusable={true}
    onClick={[Function]}
    onResponderGrant={[Function]}
    onResponderMove={[Function]}
    onResponderRelease={[Function]}
    onResponderTerminate={[Function]}
    onResponderTerminationRequest={[Function]}
    onStartShouldSetResponder={[Function]}
    style={
      Object {
        "alignItems": "center",
        "aspectRatio": 1,
        "backgroundColor": "#FFFFFF",
        "borderColor": "#E8E8E8",
        "borderRadius": 10,
        "borderWidth": 1,
        "elevation": 3,
        "flex": 1,
        "justifyContent": "center",
        "marginHorizontal": 4,
        "opacity": 1,
        "shadowColor": "#303133",
        "shadowOffset": Object {
          "height": 2,
          "width": 0,
        },
        "shadowOpacity": 0.25,
        "shadowRadius": 3.84,
      }
    }
  >
    <View
      style={
        Object {
          "height": 28,
          "marginBottom": 7,
        }
      }
    >
      <Text
        style={
          Array [
            Object {
              "color": "#D9D9D9",
              "fontFamily": "antoutline",
              "fontSize": 30,
              "fontStyle": "normal",
              "fontWeight": "normal",
            },
            undefined,
          ]
        }
      >
        
      </Text>
    </View>
    <Text
      style={
        Array [
          Object {
            "color": "#000",
            "fontFamily": "SFProDisplay-Regular",
            "fontSize": undefined,
            "lineHeight": undefined,
            "textAlign": "left",
            "textDecorationLine": "none",
          },
          Object {
            "fontSize": 14,
            "lineHeight": 22,
          },
        ]
      }
    >
      DOWN
    </Text>
  </View>
</View>
`;
